E1_style_weight__tubingen_starry_night_sw1e+02: 124s ssim=0.881 eval_style=-2.89
E1_style_weight__tubingen_starry_night_sw1e+03: 114s ssim=0.830 eval_style=-3.73
E1_style_weight__tubingen_starry_night_sw1e+04: 127s ssim=0.614 eval_style=-4.28
E1_style_weight__tubingen_starry_night_sw1e+05: 118s ssim=0.491 eval_style=-4.60
E1_style_weight__tubingen_starry_night_sw1e+06: 119s ssim=0.417 eval_style=-5.11
E1_style_weight__tubingen_starry_night_sw1e+07: 118s ssim=0.373 eval_style=-5.22
E1_style_weight__astronaut_wave_sw1e+02: 154s ssim=0.913 eval_style=-3.07
E1_style_weight__astronaut_wave_sw1e+03: 167s ssim=0.844 eval_style=-3.48
E1_style_weight__astronaut_wave_sw1e+04: 160s ssim=0.720 eval_style=-3.97
E1_style_weight__astronaut_wave_sw1e+05: 159s ssim=0.547 eval_style=-4.54
E1_style_weight__astronaut_wave_sw1e+06: 152s ssim=0.451 eval_style=-4.98
E1_style_weight__astronaut_wave_sw1e+07: 154s ssim=0.386 eval_style=-5.48
E2_ratio__cw10_sw1e+06: 110s ssim=0.465 eval_style=-4.73
E2_ratio__cw100_sw1e+07: 112s ssim=0.457 eval_style=-4.72
E2_ratio__cw10_sw1e+05: 115s ssim=0.553 eval_style=-4.43
E2_ratio__cw100_sw1e+05: 112s ssim=0.725 eval_style=-4.03
E3_optimiser__lbfgs: 336s ssim=0.494 eval_style=-4.48
E3_optimiser__adam_lr0.005: 309s ssim=0.527 eval_style=-4.84
E3_optimiser__adam_lr0.02: 312s ssim=0.447 eval_style=-4.87
E3_optimiser__adam_lr0.05: 318s ssim=0.331 eval_style=-4.88
E3_optimiser__sgd_lr0.5: 315s ssim=0.366 eval_style=-4.86
E4_init__content: 223s ssim=0.492 eval_style=-4.51
E4_init__style: 230s ssim=0.173 eval_style=-4.70
E4_init__noise: 222s ssim=0.169 eval_style=-4.56
E4_init__noise_seed1: 225s ssim=0.159 eval_style=-4.57
E5_style_layers__L1: 83s ssim=0.576 eval_style=-4.26
E5_style_layers__L12: 90s ssim=0.555 eval_style=-4.35
E5_style_layers__L123: 95s ssim=0.537 eval_style=-4.46
E5_style_layers__L12345: 110s ssim=0.491 eval_style=-4.60
E5_style_layers__L345: 105s ssim=0.592 eval_style=-3.38
E5_content_layer__conv2_2: 114s ssim=0.671 eval_style=-4.55
E5_content_layer__conv3_2: 116s ssim=0.538 eval_style=-4.62
E5_content_layer__conv4_2: 114s ssim=0.491 eval_style=-4.60
E5_content_layer__conv5_2: 117s ssim=0.450 eval_style=-4.63
E6_architecture__tubingen_starry_night_vgg16_max: 97s ssim=0.488 eval_style=-4.62
E6_architecture__tubingen_starry_night_vgg16_avg: 102s ssim=0.483 eval_style=-4.64
E6_architecture__tubingen_starry_night_vgg19_max: 114s ssim=0.491 eval_style=-4.60
E6_architecture__tubingen_starry_night_vgg19_avg: 113s ssim=0.489 eval_style=-4.76
E6_architecture__chelsea_scream_vgg16_max: 84s ssim=0.640 eval_style=-4.21
E6_architecture__chelsea_scream_vgg16_avg: 86s ssim=0.625 eval_style=-4.27
E6_architecture__chelsea_scream_vgg19_max: 99s ssim=0.682 eval_style=-4.24
E6_architecture__chelsea_scream_vgg19_avg: 99s ssim=0.588 eval_style=-4.37
E7_portfolio__tubingen_starry_night: 119s ssim=0.491 eval_style=-4.60
E7_portfolio__tubingen_scream: 114s ssim=0.636 eval_style=-4.69
E7_portfolio__tubingen_wave: 109s ssim=0.667 eval_style=-4.43
E7_portfolio__tubingen_shipwreck: 113s ssim=0.683 eval_style=-4.79
E7_portfolio__astronaut_starry_night: 150s ssim=0.452 eval_style=-4.23
E7_portfolio__astronaut_scream: 155s ssim=0.569 eval_style=-4.60
E7_portfolio__astronaut_wave: 151s ssim=0.547 eval_style=-4.54
E7_portfolio__astronaut_shipwreck: 153s ssim=0.598 eval_style=-4.51
E7_portfolio__chelsea_starry_night: 95s ssim=0.456 eval_style=-4.14
E7_portfolio__chelsea_scream: 100s ssim=0.682 eval_style=-4.24
E7_portfolio__chelsea_wave: 97s ssim=0.559 eval_style=-4.71
E7_portfolio__chelsea_shipwreck: 101s ssim=0.582 eval_style=-4.27
E7_portfolio__coffee_starry_night: 95s ssim=0.449 eval_style=-3.75
E7_portfolio__coffee_scream: 99s ssim=0.627 eval_style=-4.51
E7_portfolio__coffee_wave: 100s ssim=0.493 eval_style=-4.20
E7_portfolio__coffee_shipwreck: 101s ssim=0.578 eval_style=-4.55
E7_portfolio__house_abstract: 114s ssim=0.461 eval_style=-4.02
E8_colour__tubingen_starry_night_preserve: 115s ssim=0.812 eval_style=-3.07
E8_colour__astronaut_scream_preserve: 151s ssim=0.700 eval_style=-2.98
E8_multistyle__starry0.25_scream0.75: 115s ssim=0.563 eval_style=-2.87
E8_multistyle__starry0.5_scream0.5: 115s ssim=0.556 eval_style=-3.20
E8_multistyle__starry0.75_scream0.25: 116s ssim=0.523 eval_style=-3.69
E9_highres__tubingen_starry_512: 764s ssim=0.536 eval_style=-3.77
E9_highres__astronaut_wave_512: 1122s ssim=0.606 eval_style=-3.99
