E1_style_weight__portrait_wave_sw1e+02: 106s ssim=0.917 eval_style=-2.98
E1_style_weight__portrait_wave_sw1e+03: 87s ssim=0.847 eval_style=-3.86
E1_style_weight__portrait_wave_sw1e+04: 89s ssim=0.794 eval_style=-4.13
E1_style_weight__portrait_wave_sw1e+05: 90s ssim=0.675 eval_style=-4.47
E1_style_weight__portrait_wave_sw1e+06: 87s ssim=0.544 eval_style=-5.26
E1_style_weight__portrait_wave_sw1e+07: 87s ssim=0.469 eval_style=-5.55
E6_architecture__cat_scream_vgg16_max: 88s ssim=0.566 eval_style=-4.56
E6_architecture__cat_scream_vgg16_avg: 83s ssim=0.520 eval_style=-4.60
E6_architecture__cat_scream_vgg19_max: 98s ssim=0.582 eval_style=-4.66
E6_architecture__cat_scream_vgg19_avg: 97s ssim=0.495 eval_style=-4.80
E7_portfolio__portrait_starry_night: 89s ssim=0.453 eval_style=-3.78
E7_portfolio__portrait_scream: 87s ssim=0.518 eval_style=-4.41
E7_portfolio__portrait_wave: 87s ssim=0.675 eval_style=-4.47
E7_portfolio__portrait_shipwreck: 86s ssim=0.503 eval_style=-4.28
E7_portfolio__cat_starry_night: 98s ssim=0.462 eval_style=-4.68
E7_portfolio__cat_scream: 96s ssim=0.582 eval_style=-4.66
E7_portfolio__cat_wave: 97s ssim=0.529 eval_style=-4.64
E7_portfolio__cat_shipwreck: 95s ssim=0.617 eval_style=-4.96
E8_colour__portrait_scream_preserve: 86s ssim=0.731 eval_style=-3.19
E9_highres__portrait_wave_512: 575s ssim=0.678 eval_style=-4.55
